{
  "version": "1.5.0",
  "plugins_used": [
    {
      "name": "ArtifactoryDetector"
    },
    {
      "name": "AWSKeyDetector"
    },
    {
      "name": "AzureStorageKeyDetector"
    },
    {
      "name": "Base64HighEntropyString",
      "limit": 4.5
    },
    {
      "name": "BasicAuthDetector"
    },
    {
      "name": "CloudantDetector"
    },
    {
      "name": "DiscordBotTokenDetector"
    },
    {
      "name": "GitHubTokenDetector"
    },
    {
      "name": "GitLabTokenDetector"
    },
    {
      "name": "HexHighEntropyString",
      "limit": 3.0
    },
    {
      "name": "IbmCloudIamDetector"
    },
    {
      "name": "IbmCosHmacDetector"
    },
    {
      "name": "IPPublicDetector"
    },
    {
      "name": "JwtTokenDetector"
    },
    {
      "name": "KeywordDetector",
      "keyword_exclude": ""
    },
    {
      "name": "MailchimpDetector"
    },
    {
      "name": "NpmDetector"
    },
    {
      "name": "OpenAIDetector"
    },
    {
      "name": "PrivateKeyDetector"
    },
    {
      "name": "PypiTokenDetector"
    },
    {
      "name": "SendGridDetector"
    },
    {
      "name": "SlackDetector"
    },
    {
      "name": "SoftlayerDetector"
    },
    {
      "name": "SquareOAuthDetector"
    },
    {
      "name": "StripeDetector"
    },
    {
      "name": "TelegramBotTokenDetector"
    },
    {
      "name": "TwilioKeyDetector"
    }
  ],
  "filters_used": [
    {
      "path": "detect_secrets.filters.allowlist.is_line_allowlisted"
    },
    {
      "path": "detect_secrets.filters.common.is_baseline_file",
      "filename": ".secrets.baseline"
    },
    {
      "path": "detect_secrets.filters.common.is_ignored_due_to_verification_policies",
      "min_level": 2
    },
    {
      "path": "detect_secrets.filters.heuristic.is_indirect_reference"
    },
    {
      "path": "detect_secrets.filters.heuristic.is_likely_id_string"
    },
    {
      "path": "detect_secrets.filters.heuristic.is_lock_file"
    },
    {
      "path": "detect_secrets.filters.heuristic.is_not_alphanumeric_string"
    },
    {
      "path": "detect_secrets.filters.heuristic.is_potential_uuid"
    },
    {
      "path": "detect_secrets.filters.heuristic.is_prefixed_with_dollar_sign"
    },
    {
      "path": "detect_secrets.filters.heuristic.is_sequential_string"
    },
    {
      "path": "detect_secrets.filters.heuristic.is_swagger_file"
    },
    {
      "path": "detect_secrets.filters.heuristic.is_templated_secret"
    },
    {
      "path": "detect_secrets.filters.regex.should_exclude_file",
      "pattern": [
        "'\\.env\\.example$'"
      ]
    }
  ],
  "results": {
    "apps/core/management/commands/seed.py": [
      {
        "type": "Secret Keyword",
        "filename": "apps/core/management/commands/seed.py",
        "hashed_secret": "8d66a53a381493bec08da23cef5a43767f20a42c",
        "is_verified": false,
        "line_number": 527
      },
      {
        "type": "Secret Keyword",
        "filename": "apps/core/management/commands/seed.py",
        "hashed_secret": "f7a65d5a7a75ba72cf6e3682a42e6ca95b86714b",
        "is_verified": false,
        "line_number": 550
      },
      {
        "type": "Secret Keyword",
        "filename": "apps/core/management/commands/seed.py",
        "hashed_secret": "c4c1c18702da4e60b717f1a189d742483b1b9ee4",
        "is_verified": false,
        "line_number": 614
      },
      {
        "type": "Secret Keyword",
        "filename": "apps/core/management/commands/seed.py",
        "hashed_secret": "d19eb3ed9b3532b21d7d8ddc101139c37ef94af2",
        "is_verified": false,
        "line_number": 680
      }
    ],
    "config/settings/test.py": [
      {
        "type": "Secret Keyword",
        "filename": "config/settings/test.py",
        "hashed_secret": "339a9dfbe0308e8188079841153a92a6cccefc3a",
        "is_verified": false,
        "line_number": 5
      }
    ],
    "tests/test_admin.py": [
      {
        "type": "Secret Keyword",
        "filename": "tests/test_admin.py",
        "hashed_secret": "81a6a3f56bab3ca7a87274e869d4bca265b3be61",
        "is_verified": false,
        "line_number": 57
      }
    ],
    "tests/test_attendance_views.py": [
      {
        "type": "Secret Keyword",
        "filename": "tests/test_attendance_views.py",
        "hashed_secret": "f97979ff44a9a1a4105f4bae6fe809715e0a0a84",
        "is_verified": false,
        "line_number": 39
      }
    ],
    "tests/test_auth_views.py": [
      {
        "type": "Secret Keyword",
        "filename": "tests/test_auth_views.py",
        "hashed_secret": "f97979ff44a9a1a4105f4bae6fe809715e0a0a84",
        "is_verified": false,
        "line_number": 19
      },
      {
        "type": "Secret Keyword",
        "filename": "tests/test_auth_views.py",
        "hashed_secret": "6809ffccad03b80fa1fbc32c17e7e054805ec30b",
        "is_verified": false,
        "line_number": 92
      },
      {
        "type": "Secret Keyword",
        "filename": "tests/test_auth_views.py",
        "hashed_secret": "76272dc4faf660733711f58c736830d27159fb55",
        "is_verified": false,
        "line_number": 124
      }
    ],
    "tests/test_backups.py": [
      {
        "type": "Secret Keyword",
        "filename": "tests/test_backups.py",
        "hashed_secret": "bd0fc4e75b71eb3c001643344d90deef8fa6ff86",
        "is_verified": false,
        "line_number": 27
      }
    ],
    "tests/test_calendar_views.py": [
      {
        "type": "Secret Keyword",
        "filename": "tests/test_calendar_views.py",
        "hashed_secret": "f97979ff44a9a1a4105f4bae6fe809715e0a0a84",
        "is_verified": false,
        "line_number": 40
      }
    ],
    "tests/test_consent_views.py": [
      {
        "type": "Secret Keyword",
        "filename": "tests/test_consent_views.py",
        "hashed_secret": "f97979ff44a9a1a4105f4bae6fe809715e0a0a84",
        "is_verified": false,
        "line_number": 31
      }
    ],
    "tests/test_display_timezone.py": [
      {
        "type": "Secret Keyword",
        "filename": "tests/test_display_timezone.py",
        "hashed_secret": "f97979ff44a9a1a4105f4bae6fe809715e0a0a84",
        "is_verified": false,
        "line_number": 35
      }
    ],
    "tests/test_first_run.py": [
      {
        "type": "Secret Keyword",
        "filename": "tests/test_first_run.py",
        "hashed_secret": "e972e986b64ad858659ab52e2a68de611c645d04",
        "is_verified": false,
        "line_number": 15
      }
    ],
    "tests/test_guardian_management.py": [
      {
        "type": "Secret Keyword",
        "filename": "tests/test_guardian_management.py",
        "hashed_secret": "f97979ff44a9a1a4105f4bae6fe809715e0a0a84",
        "is_verified": false,
        "line_number": 33
      }
    ],
    "tests/test_import_wizard.py": [
      {
        "type": "Secret Keyword",
        "filename": "tests/test_import_wizard.py",
        "hashed_secret": "f97979ff44a9a1a4105f4bae6fe809715e0a0a84",
        "is_verified": false,
        "line_number": 32
      }
    ],
    "tests/test_kiosk.py": [
      {
        "type": "Secret Keyword",
        "filename": "tests/test_kiosk.py",
        "hashed_secret": "f97979ff44a9a1a4105f4bae6fe809715e0a0a84",
        "is_verified": false,
        "line_number": 41
      },
      {
        "type": "Secret Keyword",
        "filename": "tests/test_kiosk.py",
        "hashed_secret": "a4b48a81cdab1e1a5dd37907d6c85ca1c61ddc7c",
        "is_verified": false,
        "line_number": 360
      }
    ],
    "tests/test_ladder_editing.py": [
      {
        "type": "Secret Keyword",
        "filename": "tests/test_ladder_editing.py",
        "hashed_secret": "f97979ff44a9a1a4105f4bae6fe809715e0a0a84",
        "is_verified": false,
        "line_number": 36
      }
    ],
    "tests/test_manual_promotion.py": [
      {
        "type": "Secret Keyword",
        "filename": "tests/test_manual_promotion.py",
        "hashed_secret": "f97979ff44a9a1a4105f4bae6fe809715e0a0a84",
        "is_verified": false,
        "line_number": 39
      }
    ],
    "tests/test_mfa.py": [
      {
        "type": "Secret Keyword",
        "filename": "tests/test_mfa.py",
        "hashed_secret": "f97979ff44a9a1a4105f4bae6fe809715e0a0a84",
        "is_verified": false,
        "line_number": 44
      }
    ],
    "tests/test_note_authoring.py": [
      {
        "type": "Secret Keyword",
        "filename": "tests/test_note_authoring.py",
        "hashed_secret": "f97979ff44a9a1a4105f4bae6fe809715e0a0a84",
        "is_verified": false,
        "line_number": 33
      },
      {
        "type": "Secret Keyword",
        "filename": "tests/test_note_authoring.py",
        "hashed_secret": "ce6d24296840f38add8f490ccb22c8cb3410ca9d",
        "is_verified": false,
        "line_number": 212
      }
    ],
    "tests/test_note_visibility.py": [
      {
        "type": "Secret Keyword",
        "filename": "tests/test_note_visibility.py",
        "hashed_secret": "f97979ff44a9a1a4105f4bae6fe809715e0a0a84",
        "is_verified": false,
        "line_number": 32
      }
    ],
    "tests/test_org_settings.py": [
      {
        "type": "Secret Keyword",
        "filename": "tests/test_org_settings.py",
        "hashed_secret": "f97979ff44a9a1a4105f4bae6fe809715e0a0a84",
        "is_verified": false,
        "line_number": 33
      }
    ],
    "tests/test_password_reset.py": [
      {
        "type": "Secret Keyword",
        "filename": "tests/test_password_reset.py",
        "hashed_secret": "f97979ff44a9a1a4105f4bae6fe809715e0a0a84",
        "is_verified": false,
        "line_number": 21
      },
      {
        "type": "Secret Keyword",
        "filename": "tests/test_password_reset.py",
        "hashed_secret": "4e91f0a2028cfda917266b3385680bb16c030fdd",
        "is_verified": false,
        "line_number": 22
      },
      {
        "type": "Secret Keyword",
        "filename": "tests/test_password_reset.py",
        "hashed_secret": "d1498eb4788a6b501d4676f4561ecf4c23a1ebb8",
        "is_verified": false,
        "line_number": 89
      },
      {
        "type": "Secret Keyword",
        "filename": "tests/test_password_reset.py",
        "hashed_secret": "07d28ab5333bfaed2f8b4dd3437eaadf80157238",
        "is_verified": false,
        "line_number": 156
      }
    ],
    "tests/test_rank_report.py": [
      {
        "type": "Secret Keyword",
        "filename": "tests/test_rank_report.py",
        "hashed_secret": "f97979ff44a9a1a4105f4bae6fe809715e0a0a84",
        "is_verified": false,
        "line_number": 29
      }
    ],
    "tests/test_safeguarding_notes.py": [
      {
        "type": "Secret Keyword",
        "filename": "tests/test_safeguarding_notes.py",
        "hashed_secret": "f97979ff44a9a1a4105f4bae6fe809715e0a0a84",
        "is_verified": false,
        "line_number": 35
      },
      {
        "type": "Secret Keyword",
        "filename": "tests/test_safeguarding_notes.py",
        "hashed_secret": "64b0afd777e19c21b922d39ab541fef1dd0e7f65",
        "is_verified": false,
        "line_number": 36
      }
    ],
    "tests/test_session_instructors.py": [
      {
        "type": "Secret Keyword",
        "filename": "tests/test_session_instructors.py",
        "hashed_secret": "f97979ff44a9a1a4105f4bae6fe809715e0a0a84",
        "is_verified": false,
        "line_number": 46
      }
    ],
    "tests/test_startup_guards.py": [
      {
        "type": "Secret Keyword",
        "filename": "tests/test_startup_guards.py",
        "hashed_secret": "b16965257681359c5e2891db3115b2c7e9eb20d9",
        "is_verified": false,
        "line_number": 19
      },
      {
        "type": "Secret Keyword",
        "filename": "tests/test_startup_guards.py",
        "hashed_secret": "a6ee4482d85b9013645f7b7d3062edcd7ea78c33",
        "is_verified": false,
        "line_number": 28
      },
      {
        "type": "Secret Keyword",
        "filename": "tests/test_startup_guards.py",
        "hashed_secret": "a0f4ea7d91495df92bbac2e2149dfb850fe81396",
        "is_verified": false,
        "line_number": 35
      }
    ],
    "tests/test_student_lifecycle.py": [
      {
        "type": "Secret Keyword",
        "filename": "tests/test_student_lifecycle.py",
        "hashed_secret": "f97979ff44a9a1a4105f4bae6fe809715e0a0a84",
        "is_verified": false,
        "line_number": 34
      }
    ],
    "tests/test_student_list.py": [
      {
        "type": "Secret Keyword",
        "filename": "tests/test_student_list.py",
        "hashed_secret": "f97979ff44a9a1a4105f4bae6fe809715e0a0a84",
        "is_verified": false,
        "line_number": 40
      }
    ],
    "tests/test_student_photos.py": [
      {
        "type": "Secret Keyword",
        "filename": "tests/test_student_photos.py",
        "hashed_secret": "f97979ff44a9a1a4105f4bae6fe809715e0a0a84",
        "is_verified": false,
        "line_number": 35
      }
    ],
    "tests/test_template_edits.py": [
      {
        "type": "Secret Keyword",
        "filename": "tests/test_template_edits.py",
        "hashed_secret": "f97979ff44a9a1a4105f4bae6fe809715e0a0a84",
        "is_verified": false,
        "line_number": 40
      }
    ],
    "tests/test_temporary_passwords.py": [
      {
        "type": "Secret Keyword",
        "filename": "tests/test_temporary_passwords.py",
        "hashed_secret": "f97979ff44a9a1a4105f4bae6fe809715e0a0a84",
        "is_verified": false,
        "line_number": 31
      },
      {
        "type": "Secret Keyword",
        "filename": "tests/test_temporary_passwords.py",
        "hashed_secret": "e49ecf997c10e6698578351f01f042e67025d625",
        "is_verified": false,
        "line_number": 62
      },
      {
        "type": "Secret Keyword",
        "filename": "tests/test_temporary_passwords.py",
        "hashed_secret": "5fb42e091667ca1b92f62023a61c1d8331413d9b",
        "is_verified": false,
        "line_number": 267
      },
      {
        "type": "Secret Keyword",
        "filename": "tests/test_temporary_passwords.py",
        "hashed_secret": "b9daab9978cb29c04f4597f21f2777acfb6a446e",
        "is_verified": false,
        "line_number": 290
      }
    ],
    "tests/test_timesheets.py": [
      {
        "type": "Secret Keyword",
        "filename": "tests/test_timesheets.py",
        "hashed_secret": "f97979ff44a9a1a4105f4bae6fe809715e0a0a84",
        "is_verified": false,
        "line_number": 41
      }
    ]
  },
  "generated_at": "2026-09-04T01:08:06Z"
}
